// Jest Snapshot v1, https://goo.gl/fbAQLP

exports[`Title snapshot 1`] = `
<StyledComponent
  forwardedComponent={
    Object {
      "$$typeof": Symbol(react.forward_ref),
      "attrs": Array [],
      "componentStyle": ComponentStyle {
        "componentId": "sc-bdVaJa",
        "isStatic": false,
        "rules": Array [
          "
  font-family: ",
          [Function],
          ";
  font-size: ",
          [Function],
          ";
  text-transform: uppercase;
  line-height: 1;
  margin-top: 0;

  ",
          [Function],
          "
",
        ],
      },
      "displayName": "styled.h1",
      "foldedComponentIds": Array [],
      "render": [Function],
      "styledComponentId": "sc-bdVaJa",
      "target": "h1",
      "toString": [Function],
      "usesTheme": true,
      "warnTooManyClasses": [Function],
      "withComponent": [Function],
    }
  }
  forwardedRef={null}
>
  ...
</StyledComponent>
`;
