// Jest Snapshot v1, https://goo.gl/fbAQLP

exports[`ContentBlock snapshot 1`] = `
<styled.section>
  <styled.div>
    <styled.div>
      <styled.div>
        <styled.h1 />
      </styled.div>
      <styled.div>
        ...
      </styled.div>
    </styled.div>
  </styled.div>
</styled.section>
`;
