// Jest Snapshot v1, https://goo.gl/fbAQLP

exports[`P snapshot 1`] = `
<styled.p>
  この文章はダミーです。文字の大きさ、量、字間、行間等を確認するために入れています。この文章はダミーです。
</styled.p>
`;
