// Jest Snapshot v1, https://goo.gl/fbAQLP

exports[`Header snapshot 1`] = `
<styled.header>
  <Styled(styled.div)
    pageLocation="/"
    siteTitle="blivesta"
  >
    <styled.nav>
      <styled.ul>
        <styled.li>
          <ForwardRef
            title="contact"
            to="/contact/"
          >
            <[object Object] />
          </ForwardRef>
        </styled.li>
        <styled.li>
          <styled.div
            aria-label="theme switch button"
            onClick={[Function]}
            onKeyPress={[Function]}
            role="button"
            tabIndex={0}
          >
            <[object Object] />
          </styled.div>
        </styled.li>
      </styled.ul>
    </styled.nav>
  </Styled(styled.div)>
</styled.header>
`;
